{"animal":"walrus","level":"debug","msg":"Started observing beach","number":8,"time":"2015-03-26T01:27:38-04:00"}
{"animal":"walrus","level":"info","msg":"A group of walrus emerges from the ocean","size":10,"time":"2015-03-26T01:27:38-04:00"}
{"level":"warning","msg":"The group's number increased tremendously!","number":122,"omg":true,"time":"2015-03-26T01:27:38-04:00"}
{"level":"debug","msg":"Temperature changes","temperature":-4,"time":"2015-03-26T01:27:38-04:00"}
{"animal":"orca","level":"panic","msg":"It's over 9000!","size":9009,"time":"2015-03-26T01:27:38-04:00"}
