{"number":8}
{"size":10}
{"number":122,"omg":true}
{"temperature":-4}
{"size":9009}
